[ExpenseReportKata.Expenses(expenseList: [ExpenseReportKata.Breakfast, ExpenseReportKata.Dinner, ExpenseReportKata.Lunch, ExpenseReportKata.CarRental])] -> ["Expense Report 2025-06-15 10:00:00 +0000", "Breakfast\t0\t ", "Dinner\t0\t ", "Lunch\t0\t ", "Car Rental\t0\t ", "Meal Expenses: 0", "Total Expenses: 0"]
[ExpenseReportKata.Expenses(expenseList: [ExpenseReportKata.Breakfast, ExpenseReportKata.Dinner, ExpenseReportKata.Lunch, ExpenseReportKata.CarRental])] -> ["Expense Report 2025-06-15 10:00:00 +0000", "Breakfast\t0\t ", "Dinner\t0\t ", "Lunch\t0\t ", "Car Rental\t0\t ", "Meal Expenses: 0", "Total Expenses: 0", "Expense Report 2025-06-15 10:00:00 +0000", "Breakfast\t1000\t ", "Dinner\t5000\t ", "Lunch\t2000\t ", "Car Rental\t999\t ", "Meal Expenses: 8000", "Total Expenses: 8999"]
[ExpenseReportKata.Expenses(expenseList: [ExpenseReportKata.Breakfast, ExpenseReportKata.Dinner, ExpenseReportKata.Lunch, ExpenseReportKata.CarRental])] -> ["Expense Report 2025-06-15 10:00:00 +0000", "Breakfast\t0\t ", "Dinner\t0\t ", "Lunch\t0\t ", "Car Rental\t0\t ", "Meal Expenses: 0", "Total Expenses: 0", "Expense Report 2025-06-15 10:00:00 +0000", "Breakfast\t1000\t ", "Dinner\t5000\t ", "Lunch\t2000\t ", "Car Rental\t999\t ", "Meal Expenses: 8000", "Total Expenses: 8999", "Expense Report 2025-06-15 10:00:00 +0000", "Breakfast\t1001\tX", "Dinner\t5001\tX", "Lunch\t2001\tX", "Car Rental\t2001\t ", "Meal Expenses: 8003", "Total Expenses: 10004"]
